// Jest Snapshot v1, https://goo.gl/fbAQLP

exports[`AppCard renders correctly with parsed values 1`] = `
<View
  style={
    Object {
      "backgroundColor": "#666666",
      "borderRadius": 20,
      "marginBottom": 20,
      "overflow": "hidden",
      "padding": 10,
    }
  }
>
  <Image
    source={
      Object {
        "uri": undefined,
      }
    }
    style={
      Object {
        "borderRadius": 15,
        "height": 220,
        "width": "100%",
      }
    }
  />
  <Text
    style={
      Array [
        Object {
          "fontFamily": "Arial",
          "fontSize": 14,
        },
        Object {
          "fontSize": 20,
        },
      ]
    }
  >
     
    Establishment Name: 
    Bob's Barbeque
     
  </Text>
  <Text
    style={
      Array [
        Object {
          "fontFamily": "Arial",
          "fontSize": 14,
        },
        Object {
          "fontSize": 18,
        },
      ]
    }
  >
     
    City: 
    Sydney
     
  </Text>
  <Text
    style={
      Array [
        Object {
          "fontFamily": "Arial",
          "fontSize": 14,
        },
        Object {
          "fontSize": 18,
        },
      ]
    }
  >
     
    Date Visited: 
    10/02/2021
     
  </Text>
  <Text
    style={
      Array [
        Object {
          "fontFamily": "Arial",
          "fontSize": 14,
        },
        Object {
          "fontSize": 18,
        },
      ]
    }
  >
     
    Category: 
    BBQ
     
  </Text>
  <Text
    style={
      Array [
        Object {
          "fontFamily": "Arial",
          "fontSize": 14,
        },
        Object {
          "fontSize": 18,
        },
      ]
    }
  >
     
    Submitted By: 
    User01
     
  </Text>
</View>
`;

exports[`AppIcon renders an icon correctly 1`] = `
<View
  style={
    Object {
      "alignItems": "center",
      "backgroundColor": "blue",
      "borderRadius": 25,
      "height": 50,
      "justifyContent": "center",
      "width": 50,
    }
  }
/>
`;
